12:57:57 **** Incremental Build of configuration Debug for project bram_axi_app ****
make all 
make --no-print-directory pre-build
a9-linaro-pre-build-step
' '
make --no-print-directory main-build
'Building file: ../src/lab13_main.c'
'Invoking: ARM v7 gcc compiler'
arm-none-eabi-gcc -Wall -O0 -g3 -c -fmessage-length=0 -MT"src/lab13_main.o" -mcpu=cortex-a9 -mfpu=vfpv3 -mfloat-abi=hard -IC:/dev/fpga_proj/_mini/manoCPU/_ref/lab13_new/bram_axi_vitis/design_1_wrapper/export/design_1_wrapper/sw/design_1_wrapper/standalone_ps7_cortexa9_0/bspinclude/include -MMD -MP -MF"src/lab13_main.d" -MT"src/lab13_main.o" -o "src/lab13_main.o" "../src/lab13_main.c"
../src/lab13_main.c: In function 'main':
../src/lab13_main.c:50:6: warning: unused variable 'read_buf' [-Wunused-variable]
   50 |  int read_buf[MEM_DEPTH];
      |      ^~~~~~~~
../src/lab13_main.c:47:19: warning: unused variable 'tEnd' [-Wunused-variable]
   47 |     XTime tStart, tEnd;
      |                   ^~~~
../src/lab13_main.c:47:11: warning: unused variable 'tStart' [-Wunused-variable]
   47 |     XTime tStart, tEnd;
      |           ^~~~~~
../src/lab13_main.c:46:9: warning: unused variable 'reg_num' [-Wunused-variable]
   46 |     int reg_num;
      |         ^~~~~~~
'Finished building: ../src/lab13_main.c'
' '
'Building target: bram_axi_app.elf'
'Invoking: ARM v7 gcc linker'
arm-none-eabi-gcc -mcpu=cortex-a9 -mfpu=vfpv3 -mfloat-abi=hard -Wl,-build-id=none -specs=Xilinx.spec -Wl,-T -Wl,../src/lscript.ld -LC:/dev/fpga_proj/_mini/manoCPU/_ref/lab13_new/bram_axi_vitis/design_1_wrapper/export/design_1_wrapper/sw/design_1_wrapper/standalone_ps7_cortexa9_0/bsplib/lib -o "bram_axi_app.elf"  ./src/lab13_main.o   -Wl,--start-group,-lxil,-lgcc,-lc,--end-group
'Finished building target: bram_axi_app.elf'
' '
'Invoking: ARM v7 Print Size'
arm-none-eabi-size bram_axi_app.elf  |tee "bram_axi_app.elf.size"
   text	   data	    bss	    dec	    hex	filename
  78310	   2550	  22640	 103500	  1944c	bram_axi_app.elf
'Finished building: bram_axi_app.elf.size'
' '

12:57:58 Build Finished (took 617ms)

