#-----------------------------------------------------------
# Vivado v2021.2 (64-bit)
# SW Build 3367213 on Tue Oct 19 02:48:09 MDT 2021
# IP Build 3369179 on Thu Oct 21 08:25:16 MDT 2021
# Start of session at: Fri Sep  9 10:54:22 2022
# Process ID: 540
# Current directory: C:/dev/fpga_proj/_mini/manoCPU/_ref/lab13/13_bram_axi4_lite_lab_ip
# Command line: vivado.exe -gui_launcher_event rodinguilauncherevent12444 C:\dev\fpga_proj\_mini\manoCPU\_ref\lab13\13_bram_axi4_lite_lab_ip\13_bram_axi4_lite_lab_ip.xpr
# Log file: C:/dev/fpga_proj/_mini/manoCPU/_ref/lab13/13_bram_axi4_lite_lab_ip/vivado.log
# Journal file: C:/dev/fpga_proj/_mini/manoCPU/_ref/lab13/13_bram_axi4_lite_lab_ip\vivado.jou
# Running On: DESKTOP-UK50EEK, OS: Windows, CPU Frequency: 3693 MHz, CPU Physical cores: 12, Host memory: 17103 MB
#-----------------------------------------------------------
start_gui
open_project C:/dev/fpga_proj/_mini/manoCPU/_ref/lab13/13_bram_axi4_lite_lab_ip/13_bram_axi4_lite_lab_ip.xpr
update_compile_order -fileset sources_1
save_project_as 13_bram_axi4_lite_lab_ip_editable C:/dev/fpga_proj/_mini/manoCPU/_ref/lab13/13_bram_axi4_lite_lab_ip_editable -force
