13:36:02 **** Build of configuration Debug for project data_mover_bram_lab_app ****
make all 
make --no-print-directory pre-build
a9-linaro-pre-build-step
' '
make --no-print-directory main-build
'Building file: ../src/lab16_main.c'
'Invoking: ARM v7 gcc compiler'
arm-none-eabi-gcc -Wall -O0 -g3 -c -fmessage-length=0 -MT"src/lab16_main.o" -mcpu=cortex-a9 -mfpu=vfpv3 -mfloat-abi=hard -IC:/dev/fpga_proj/_mini/manoCPU/_ref/lab16_new/data_mover_bram_lab_vitis/design_1_wrapper/export/design_1_wrapper/sw/design_1_wrapper/standalone_ps7_cortexa9_0/bspinclude/include -MMD -MP -MF"src/lab16_main.d" -MT"src/lab16_main.o" -o "src/lab16_main.o" "../src/lab16_main.c"
'Finished building: ../src/lab16_main.c'
' '
'Building target: data_mover_bram_lab_app.elf'
'Invoking: ARM v7 gcc linker'
arm-none-eabi-gcc -mcpu=cortex-a9 -mfpu=vfpv3 -mfloat-abi=hard -Wl,-build-id=none -specs=Xilinx.spec -Wl,-T -Wl,../src/lscript.ld -LC:/dev/fpga_proj/_mini/manoCPU/_ref/lab16_new/data_mover_bram_lab_vitis/design_1_wrapper/export/design_1_wrapper/sw/design_1_wrapper/standalone_ps7_cortexa9_0/bsplib/lib -o "data_mover_bram_lab_app.elf"  ./src/lab16_main.o   -Wl,--start-group,-lxil,-lgcc,-lc,--end-group
'Finished building target: data_mover_bram_lab_app.elf'
' '
'Invoking: ARM v7 Print Size'
arm-none-eabi-size data_mover_bram_lab_app.elf  |tee "data_mover_bram_lab_app.elf.size"
   text	   data	    bss	    dec	    hex	filename
  79294	   2550	  22640	 104484	  19824	data_mover_bram_lab_app.elf
'Finished building: data_mover_bram_lab_app.elf.size'
' '

13:36:03 Build Finished (took 670ms)

