12:51:41 **** Incremental Build of configuration Debug for project 08_axi4_lite_app ****
make all 
make --no-print-directory pre-build
a9-linaro-pre-build-step
' '
make --no-print-directory main-build
'Building file: ../src/main_lab8_rev_2021_1.c'
'Invoking: ARM v7 gcc compiler'
arm-none-eabi-gcc -Wall -O0 -g3 -c -fmessage-length=0 -MT"src/main_lab8_rev_2021_1.o" -mcpu=cortex-a9 -mfpu=vfpv3 -mfloat-abi=hard -IC:/dev/fpga_proj/_mini/manoCPU/_ref/lab8_new/08_axi4_lite_vitis/design_1_wrapper/export/design_1_wrapper/sw/design_1_wrapper/standalone_ps7_cortexa9_0/bspinclude/include -MMD -MP -MF"src/main_lab8_rev_2021_1.d" -MT"src/main_lab8_rev_2021_1.o" -o "src/main_lab8_rev_2021_1.o" "../src/main_lab8_rev_2021_1.c"
../src/main_lab8_rev_2021_1.c: In function 'main':
../src/main_lab8_rev_2021_1.c:52:9: warning: implicit declaration of function 'sleep' [-Wimplicit-function-declaration]
   52 |         sleep(1);
      |         ^~~~~
'Finished building: ../src/main_lab8_rev_2021_1.c'
' '
'Building target: 08_axi4_lite_app.elf'
'Invoking: ARM v7 gcc linker'
arm-none-eabi-gcc -mcpu=cortex-a9 -mfpu=vfpv3 -mfloat-abi=hard -Wl,-build-id=none -specs=Xilinx.spec -Wl,-T -Wl,../src/lscript.ld -LC:/dev/fpga_proj/_mini/manoCPU/_ref/lab8_new/08_axi4_lite_vitis/design_1_wrapper/export/design_1_wrapper/sw/design_1_wrapper/standalone_ps7_cortexa9_0/bsplib/lib -o "08_axi4_lite_app.elf"  ./src/main_lab8_rev_2021_1.o   -Wl,--start-group,-lxil,-lgcc,-lc,--end-group
'Finished building target: 08_axi4_lite_app.elf'
' '
'Invoking: ARM v7 Print Size'
arm-none-eabi-size 08_axi4_lite_app.elf  |tee "08_axi4_lite_app.elf.size"
   text	   data	    bss	    dec	    hex	filename
  50783	   2548	  22640	  75971	  128c3	08_axi4_lite_app.elf
'Finished building: 08_axi4_lite_app.elf.size'
' '

12:51:42 Build Finished (took 671ms)

